Γû▓ Next.js 16.1.6 (Turbopack)
- Environments: .env.local

node.exe : ΓÜá The "middleware" file convention is deprecated. Please use "proxy" instead. Learn more: https://nextjs.org/docs/messages/middleware-to-proxy
At line:1 char:1
+ & "C:\Program Files\nodejs/node.exe" "C:\Users\micha\AppData\Roaming\ ...
+ ~~~~~~~~~~~~~~~~~~~~~~~~~~~~~~~~~~~~~~~~~~~~~~~~~~~~~~~~~~~~~~~~~~~~~
    + CategoryInfo          : NotSpecified: (ΓÜá The "middle...leware-to-proxy:String) [], RemoteException
    + FullyQualifiedErrorId : NativeCommandError
 
  Creating an optimized production build ...
Γ£ô Compiled successfully in 6.1s
  Running TypeScript ...
Failed to compile.

./src/app/api/profile/route.ts:67:15
Type error: Argument of type '{ phone: string | null; headline: string | null; location: string | null; linkedin_url: string | null; avatar_url: string | null; full_name?: 
string | undefined; }' is not assignable to parameter of type 'never'.

[0m [90m 65 |[39m     [36mconst[39m { data[33m:[39m profile[33m,[39m error } [33m=[39m [36mawait[39m supabase
 [90m 66 |[39m       [33m.[39m[36mfrom[39m([32m"profiles"[39m)
[31m[1m>[22m[39m[90m 67 |[39m       [33m.[39mupdate(parsed[33m.[39mdata)
 [90m    |[39m               [31m[1m^[22m[39m
 [90m 68 |[39m       [33m.[39meq([32m"user_id"[39m[33m,[39m user[33m.[39mid)
 [90m 69 |[39m       [33m.[39mselect()
 [90m 70 |[39m       [33m.[39msingle()[33m;[39m[0m
Next.js build worker exited with code: 1 and signal: null
